ApsimVersion = 7.6
Title = Wheat_APS26_DryN000
           Date            day           year        biomass          yield            lai PhenologyCurrentPhaseName
   (dd/mm/yyyy)          (day)         (year)             ()             ()             ()                        ()
     15/06/1995            166           1995          0.000          0.000          0.000       SowingToGermination
     16/06/1995            167           1995          0.000          0.000          0.000    GerminationToEmergence
     17/06/1995            168           1995          0.000          0.000          0.000    GerminationToEmergence
     18/06/1995            169           1995          0.000          0.000          0.000    GerminationToEmergence
     19/06/1995            170           1995          0.000          0.000          0.000    GerminationToEmergence
     20/06/1995            171           1995          0.000          0.000          0.000    GerminationToEmergence
     21/06/1995            172           1995          0.000          0.000          0.000    GerminationToEmergence
     22/06/1995            173           1995          0.000          0.000          0.000    GerminationToEmergence
     23/06/1995            174           1995          0.000          0.000          0.000    GerminationToEmergence
     24/06/1995            175           1995          0.000          0.000          0.000    GerminationToEmergence
     25/06/1995            176           1995          5.520          0.000          0.024  EmergenceToEndOfJuvenile
     26/06/1995            177           1995          7.280          0.000          0.027 EndOfJuvenileToFloralInit
     27/06/1995            178           1995          9.330          0.000          0.030 EndOfJuvenileToFloralInit
     28/06/1995            179           1995         11.317          0.000          0.033 EndOfJuvenileToFloralInit
     29/06/1995            180           1995         14.067          0.000          0.038 EndOfJuvenileToFloralInit
     30/06/1995            181           1995         17.227          0.000          0.043 EndOfJuvenileToFloralInit
     01/07/1995            182           1995         20.625          0.000          0.048 EndOfJuvenileToFloralInit
     02/07/1995            183           1995         24.334          0.000          0.054 EndOfJuvenileToFloralInit
     03/07/1995            184           1995         26.165          0.000          0.057 EndOfJuvenileToFloralInit
     04/07/1995            185           1995         30.410          0.000          0.064 EndOfJuvenileToFloralInit
     05/07/1995            186           1995         32.958          0.000          0.068 EndOfJuvenileToFloralInit
     06/07/1995            187           1995         34.334          0.000          0.071 EndOfJuvenileToFloralInit
     07/07/1995            188           1995         37.560          0.000          0.076 EndOfJuvenileToFloralInit
     08/07/1995            189           1995         41.987          0.000          0.083 EndOfJuvenileToFloralInit
     09/07/1995            190           1995         48.286          0.000          0.093 EndOfJuvenileToFloralInit
     10/07/1995            191           1995         53.928          0.000          0.102 EndOfJuvenileToFloralInit
     11/07/1995            192           1995         61.962          0.000          0.115 EndOfJuvenileToFloralInit
     12/07/1995            193           1995         71.333          0.000          0.130 EndOfJuvenileToFloralInit
     13/07/1995            194           1995         79.625          0.000          0.144 EndOfJuvenileToFloralInit
     14/07/1995            195           1995         91.488          0.000          0.163 EndOfJuvenileToFloralInit
     15/07/1995            196           1995        104.672          0.000          0.184 EndOfJuvenileToFloralInit
     16/07/1995            197           1995        119.825          0.000          0.208 EndOfJuvenileToFloralInit
     17/07/1995            198           1995        135.779          0.000          0.234 EndOfJuvenileToFloralInit
     18/07/1995            199           1995        151.117          0.000          0.259 EndOfJuvenileToFloralInit
     19/07/1995            200           1995        172.482          0.000          0.293 EndOfJuvenileToFloralInit
     20/07/1995            201           1995        195.799          0.000          0.330 EndOfJuvenileToFloralInit
     21/07/1995            202           1995        222.608          0.000          0.373 EndOfJuvenileToFloralInit
     22/07/1995            203           1995        249.830          0.000          0.416 EndOfJuvenileToFloralInit
     23/07/1995            204           1995        276.152          0.000          0.457 EndOfJuvenileToFloralInit
     24/07/1995            205           1995        302.079          0.000          0.497 EndOfJuvenileToFloralInit
     25/07/1995            206           1995        327.346          0.000          0.537 EndOfJuvenileToFloralInit
     26/07/1995            207           1995        351.373          0.000          0.574 EndOfJuvenileToFloralInit
     27/07/1995            208           1995        376.688          0.000          0.613 EndOfJuvenileToFloralInit
     28/07/1995            209           1995        403.095          0.000          0.653 EndOfJuvenileToFloralInit
     29/07/1995            210           1995        429.819          0.000          0.694 EndOfJuvenileToFloralInit
     30/07/1995            211           1995        456.654          0.000          0.735 EndOfJuvenileToFloralInit
     31/07/1995            212           1995        480.874          0.000          0.772 EndOfJuvenileToFloralInit
     01/08/1995            213           1995        506.941          0.000          0.811 EndOfJuvenileToFloralInit
     02/08/1995            214           1995        531.766          0.000          0.849 EndOfJuvenileToFloralInit
     03/08/1995            215           1995        560.539          0.000          0.892 EndOfJuvenileToFloralInit
     04/08/1995            216           1995        589.694          0.000          0.937 EndOfJuvenileToFloralInit
     05/08/1995            217           1995        616.365          0.000          0.977 EndOfJuvenileToFloralInit
     06/08/1995            218           1995        629.293          0.000          0.995 EndOfJuvenileToFloralInit
     07/08/1995            219           1995        647.703          0.000          1.022 EndOfJuvenileToFloralInit
     08/08/1995            220           1995        680.892          0.000          1.072 EndOfJuvenileToFloralInit
     09/08/1995            221           1995        713.468          0.000          1.118 EndOfJuvenileToFloralInit
     10/08/1995            222           1995        743.761          0.000          1.159 EndOfJuvenileToFloralInit
     11/08/1995            223           1995        769.983          0.000          1.193 EndOfJuvenileToFloralInit
     12/08/1995            224           1995        793.161          0.000          1.221 EndOfJuvenileToFloralInit
     13/08/1995            225           1995        821.600          0.000          1.257 EndOfJuvenileToFloralInit
     14/08/1995            226           1995        839.338          0.000          1.275 EndOfJuvenileToFloralInit
     15/08/1995            227           1995        861.254          0.000          1.297 EndOfJuvenileToFloralInit
     16/08/1995            228           1995        880.419          0.000          1.314 EndOfJuvenileToFloralInit
     17/08/1995            229           1995        915.259          0.000          1.356 EndOfJuvenileToFloralInit
     18/08/1995            230           1995        963.038          0.000          1.416 EndOfJuvenileToFloralInit
     19/08/1995            231           1995       1009.124          0.000          1.468 EndOfJuvenileToFloralInit
     20/08/1995            232           1995       1055.910          0.000          1.513 EndOfJuvenileToFloralInit
     21/08/1995            233           1995       1103.342          0.000          1.554 EndOfJuvenileToFloralInit
     22/08/1995            234           1995       1153.682          0.000          1.589 FloralInitiationToFloweri
     23/08/1995            235           1995       1200.400          0.000          1.611 FloralInitiationToFloweri
     24/08/1995            236           1995       1249.023          0.000          1.630 FloralInitiationToFloweri
     25/08/1995            237           1995       1289.642          0.000          1.640 FloralInitiationToFloweri
     26/08/1995            238           1995       1334.720          0.000          1.650 FloralInitiationToFloweri
     27/08/1995            239           1995       1397.192          0.000          1.663 FloralInitiationToFloweri
     28/08/1995            240           1995       1447.451          0.000          1.662 FloralInitiationToFloweri
     29/08/1995            241           1995       1510.700          0.000          1.660 FloralInitiationToFloweri
     30/08/1995            242           1995       1584.394          0.000          1.653 FloralInitiationToFloweri
     31/08/1995            243           1995       1661.542          0.000          1.643 FloralInitiationToFloweri
     01/09/1995            244           1995       1731.368          0.000          1.623 FloralInitiationToFloweri
     02/09/1995            245           1995       1771.982          0.000          1.596 FloralInitiationToFloweri
     03/09/1995            246           1995       1826.774          0.000          1.564 FloralInitiationToFloweri
     04/09/1995            247           1995       1913.855          0.000          1.534 FloralInitiationToFloweri
     05/09/1995            248           1995       1943.317          0.000          1.514 FloralInitiationToFloweri
     06/09/1995            249           1995       2050.962          0.000          1.495 FloralInitiationToFloweri
     07/09/1995            250           1995       2161.498          0.000          1.476 FloralInitiationToFloweri
     08/09/1995            251           1995       2267.306          0.000          1.456 FloralInitiationToFloweri
     09/09/1995            252           1995       2370.762          0.000          1.433 FloralInitiationToFloweri
     10/09/1995            253           1995       2475.721          0.000          1.407 FloralInitiationToFloweri
     11/09/1995            254           1995       2569.621          0.000          1.380 FloralInitiationToFloweri
     12/09/1995            255           1995       2677.457          0.000          1.355 FloralInitiationToFloweri
     13/09/1995            256           1995       2790.475          0.000          1.329 FloralInitiationToFloweri
     14/09/1995            257           1995       2887.486          0.000          1.303 FloralInitiationToFloweri
     15/09/1995            258           1995       3004.171          0.000          1.276 FloralInitiationToFloweri
     16/09/1995            259           1995       3114.830          0.000          1.248 FloralInitiationToFloweri
     17/09/1995            260           1995       3212.101          0.000          1.220 FloralInitiationToFloweri
     18/09/1995            261           1995       3318.574          0.000          1.191 FloralInitiationToFloweri
     19/09/1995            262           1995       3410.958          0.000          1.164 FloralInitiationToFloweri
     20/09/1995            263           1995       3524.222          0.000          1.132 FloralInitiationToFloweri
     21/09/1995            264           1995       3638.906          0.000          1.095 FloralInitiationToFloweri
     22/09/1995            265           1995       3746.078         42.579          1.062 FloweringToStartGrainFill
     23/09/1995            266           1995       3788.485         83.307          1.031 FloweringToStartGrainFill
     24/09/1995            267           1995       3865.893        128.560          0.996 FloweringToStartGrainFill
     25/09/1995            268           1995       3976.302        168.980          0.965 FloweringToStartGrainFill
     26/09/1995            269           1995       4074.535        206.828          0.936 FloweringToStartGrainFill
     27/09/1995            270           1995       4176.928        243.133          0.908 FloweringToStartGrainFill
     28/09/1995            271           1995       4271.023        313.276          0.881 StartGrainFillToEndGrainF
     29/09/1995            272           1995       4350.966        394.732          0.849 StartGrainFillToEndGrainF
     30/09/1995            273           1995       4420.393        483.181          0.819 StartGrainFillToEndGrainF
     01/10/1995            274           1995       4485.280        576.773          0.794 StartGrainFillToEndGrainF
     02/10/1995            275           1995       4532.465        675.713          0.768 StartGrainFillToEndGrainF
     03/10/1995            276           1995       4547.683        763.546          0.745 StartGrainFillToEndGrainF
     04/10/1995            277           1995       4588.751        835.334          0.726 StartGrainFillToEndGrainF
     05/10/1995            278           1995       4622.391        907.945          0.707 StartGrainFillToEndGrainF
     06/10/1995            279           1995       4645.976        993.515          0.684 StartGrainFillToEndGrainF
     07/10/1995            280           1995       4664.052       1086.284          0.660 StartGrainFillToEndGrainF
     08/10/1995            281           1995       4670.777       1167.534          0.638 StartGrainFillToEndGrainF
     09/10/1995            282           1995       4689.732       1244.876          0.618 StartGrainFillToEndGrainF
     10/10/1995            283           1995       4715.664       1311.727          0.598 StartGrainFillToEndGrainF
     11/10/1995            284           1995       4746.337       1389.686          0.566 StartGrainFillToEndGrainF
     12/10/1995            285           1995       4774.386       1475.667          0.532 StartGrainFillToEndGrainF
     13/10/1995            286           1995       4795.935       1570.699          0.494 StartGrainFillToEndGrainF
     14/10/1995            287           1995       4814.388       1667.582          0.455 StartGrainFillToEndGrainF
     15/10/1995            288           1995       4828.678       1696.049          0.422 StartGrainFillToEndGrainF
     16/10/1995            289           1995       4838.189       1705.560          0.393 StartGrainFillToEndGrainF
     17/10/1995            290           1995       4849.816       1717.187          0.358 StartGrainFillToEndGrainF
     18/10/1995            291           1995       4864.273       1731.644          0.325 StartGrainFillToEndGrainF
     19/10/1995            292           1995       4877.441       1744.812          0.293 StartGrainFillToEndGrainF
     20/10/1995            293           1995       4890.402       1757.773          0.263 StartGrainFillToEndGrainF
     21/10/1995            294           1995       4900.405       1767.776          0.245 StartGrainFillToEndGrainF
     22/10/1995            295           1995       4908.870       1776.241          0.225 StartGrainFillToEndGrainF
     23/10/1995            296           1995       4919.242       1786.613          0.205 StartGrainFillToEndGrainF
     24/10/1995            297           1995       4929.401       1786.613          0.187    EndGrainFillToMaturity
     25/10/1995            298           1995       4935.936       1786.613          0.169    EndGrainFillToMaturity
     26/10/1995            299           1995       4935.936       1786.613          0.150     MaturityToHarvestRipe
     27/10/1995            300           1995       4935.936       1786.613          0.000        ReadyForHarvesting
     28/10/1995            301           1995          0.002          0.000          0.000        ReadyForHarvesting
     29/10/1995            302           1995          0.000          0.000          0.000        ReadyForHarvesting
     30/10/1995            303           1995          0.000          0.000          0.000        ReadyForHarvesting
     31/10/1995            304           1995          0.000          0.000          0.000        ReadyForHarvesting
